Unknown
Unknown
Dislike
Dislike
Unknown
Unknown
Like
Like
Like
Unknown
Like
Unknown
Like
Like
Like
