Like
Unknown
Unknown
Unknown
Unknown
Unknown
Unknown
Dislike
Unknown
Unknown
Unknown
Dislike
Unknown
Unknown
Like
Unknown
Dislike
Unknown
Like
Unknown
