Dislike
Dislike
Unknown
Unknown
Unknown
Unknown
Unknown
Unknown
Unknown
Like
Unknown
Unknown
Unknown
Unknown
Dislike
Dislike
Dislike
Unknown
Unknown
