Unknown
Unknown
Unknown
Dislike
Unknown
Unknown
Unknown
Unknown
Unknown
Unknown
