Unknown
Unknown
Unknown
Unknown
Unknown
Unknown
Unknown
Unknown
Unknown
Like
Like
Dislike
Unknown
Dislike
