56155295027
55798095965
56777342733
57766259109
56656383321
58111914290
58458384969
59526782200
57128718376
