125398624660
127808595801
126981505419
129685690867
