25223938789121
25365239640351
25282193218639
12484377476447
