21585963827251
25222155194546
21594744121478
25278841600477
