60
40
79
71
37
20
52
68
20
42
76
58
32
25
40
36
18
18
31
23
30
10
48
49
42
40
10
38
32
60
35
26
35
31
54
24
30
24
59
42
22
48
42
13
66
35
38
60
26
25
21
28
65
22
10
29
73
25
38
30
32
32
13
46
22
25
27
14
38
30
39
29
45
68
43
15
47
35
35
39
30
29
10
54
11
48
24
69
16
48
84
29
56
54
47
67
20
35
23
35
