18
36
25
48
29
54
10
69
44
74
80
71
10
43
20
10
35
10
18
73
25
26
30
48
10
10
46
16
26
40
51
57
12
40
30
16
65
51
51
45
10
93
18
38
64
55
74
65
13
23
41
54
19
47
27
18
39
34
25
79
40
53
13
66
51
63
17
78
52
50
82
20
30
15
51
80
46
39
22
56
61
50
28
40
11
20
53
18
42
48
56
42
50
20
22
10
28
30
61
15
