25
47
10
48
49
86
28
40
12
32
34
34
37
49
10
92
17
92
11
55
22
42
10
52
40
55
63
30
50
56
37
68
64
41
26
14
37
60
12
45
15
24
46
22
81
78
30
35
16
17
29
33
21
30
50
17
54
52
21
30
18
15
12
20
67
68
51
27
29
24
59
30
20
59
17
12
10
27
16
41
54
54
58
99
49
10
50
30
65
23
29
41
22
16
22
42
36
40
46
55
