81
73
40
48
46
42
18
62
27
54
53
53
53
26
72
38
40
16
75
55
41
22
14
69
59
30
48
25
52
69
41
30
49
23
39
12
18
45
35
55
54
47
27
30
21
28
44
45
11
66
64
11
36
26
67
71
61
11
57
12
24
56
10
55
39
39
76
29
30
20
33
44
28
23
14
47
52
59
41
16
46
29
52
61
50
25
35
13
16
89
64
28
16
78
77
20
74
35
30
30
