33
35
32
81
40
52
30
59
31
50
51
53
14
35
10
38
79
16
20
16
22
40
39
32
51
21
58
50
35
58
69
24
55
69
36
27
54
11
38
47
40
35
63
35
54
21
16
35
28
20
47
88
80
65
32
69
33
48
22
65
15
51
38
19
22
88
33
30
24
76
22
10
20
55
54
35
40
77
67
22
33
16
27
60
15
30
48
30
11
64
59
45
57
26
71
53
72
68
60
46
