52712154441
54222936844
51685615251
49705261773
50402440041
50350096910
52800051212
54715176289
49530280289
53092367423
