124522811485
129080462447
128455036067
128471800268
