10
16
8
16
17
16
17
19
9
-1
14
10
17
15
-1
15
11
14
14
15
14
14
18
9
12
-1
-1
13
17
11
-1
17
14
9
9
12
13
13
11
17
8
17
15
13
17
14
11
14
7
16
17
13
-1
-1
17
14
13
-1
-1
9
10
13
10
9
15
-1
11
6
13
18
11
15
20
12
8
15
13
-1
14
12
12
16
12
-1
14
16
-1
14
13
17
18
13
-1
18
8
17
16
13
14
-1
