                 #-----------------------------#---#      
#----------------#----#------------------------#---#      
#-----------#----#----##-----------------------#-#-#      
#-----------#---###---##-----------------------#-#-#--#   
#-----------#---###---##---------#---#---#-----#-#-#--#   
##----------#---###---##--#------#---#---#-----#-#-#--##  
##---#------#---###---##--#------#--##---#-----#-#-#--##  
##--##------#---###---##--#-----##--##-#-#-----#-#-#-###  
######-#----#---###---##--#-#---##--##-#-#-----#-#-#-###-#
######-##---#---###---##--#-#---##--##-#-#-----#-#-#-###-#
######-##---#---####--##--#-#---##--##-#-#-----#-#-#-###-#
######-##---#---####--##-##-#---##--##-#-#-----#-#-#-###-#
######-##--##---####--##-##-#---###-##-#-#-----###-#-###-#
######-##--##---####--##-##-#---###-##-#-#-----###-#-###-#
######-##--##---####--##-##-#---###-##-#-#--#--###-#-#####
######-##--##---####--##-##-#---###-##-###--#--###-#-#####
#########-###---####-###-##-#---###-##-###-##--###-#-#####
#########-####--####-###-##-#---###-##-###-##--###-#-#####
#########-####--####-###-##-#---###-##-###-##--###-#-#####
#########-####--####-###-##-#---###-##-###-##--###-#-#####
#########-####--####-###-##-#-#-###-##-###-##--###-#-#####
#########-####--####-###-##-#-#-###-##-###-##--###-#-#####
##############-#####-###-####-#####-##-###-##--###-#-#####
##############-#########-####-########-###-##--###-#-#####
########################-#############-###-##--#####-#####
########################-#############-###-###-###########
##########################################-###############
##########################################-###############
##########################################################
649
   #-----#--------------#---------# 
   #-----#--------------##-------###
   #-----#---#----------##------####
   #-----#---#----------##------####
   #-----#--##----------##------####
   #-----#--##----------##------####
   #-----#--##-#--------##------####
   #-----#--##-#--------##------####
   #-#---#--####--------##------####
   #-#---#--####------#-##------####
   #-#---#--####------#-##-#-#--####
   #-#-#-#--####----#-#-##-#-#--####
#--#-#-#-#--####-#-####-##-#-#--####
#--#-#-#-#--####-######-##-###--####
#--#-#-#-#--####-######-##-###--####
#--#-#-#-#--####-######-##-###--####
#--#-#-#-#--####-######-##-###-#####
#--#-#-#-#--####-######-######-#####
#--#-###-#--####-######-############
#--#####-#######-###################
#--#####-#######-###################
#--#####-###########################
####################################
353
 #------#-------------#             
 #------#--#--#------###            
 #------#--#--#------###--#         
 #------#--#--#------###--#         
 #------#--##-#------###--#-----#   
 #------#--##-#-----####--#-----#   
 #------#--##-#-----####--#-----#   
 #------#--##-#-----####--#-----#--#
 #------#--##-#-----####--#-----#--#
 #----#-#--##-#-----####--#-----#--#
 #----#-#--##-#-----####--#-----#--#
 #----#-#--##-#-----####--#-----#--#
 #----#-#--####-----####--#----##-##
 #----#-#-#####---#-####--#----##-##
 #----#-#-#####---#-####--##-#-##-##
 #-#-##-#######--##-####--####-##-##
 #-#-##-#######--##-####--####-##-##
 #-#-##-#######--##-####-#####-##-##
 #-#-##-########-##-####-#####-##-##
 #-#-##-###########-####-#####-##-##
 #-#-##-###########-################
 #-#-##############-################
 ###################################
####################################
349
             #------------#                                 
             #------------#---------------#                 
             #----------#-#-------#-------#----------------#
             #----------#-#-------#-------#----#-----------#
     #-------#----------#-#---#---##------#----#-----------#
     #-------#-#-----#--#-#---#---##------#----#-#---------#
     #-----#-#-#-----#--#-#---#---##-----##----#-#-------#-#
     #-----#-#-#-#---#--#-#---#---##-----##----#-#-------#-#
 #---#-----#-#-#-#---#--#-#---#---##-----##----#-#------##-#
 #---#-----#-#-#-#---#--###---#---##-----##----#-#------##-#
 #---##----#-#-#-#---#--###---#--###-----##----#-#------##-#
 #--###----#-#-#-#---#--###---#--###-----##--#-#-#------##-#
 #-####----#-#-#-#---#--###---#--###-#---##--#-#-#------####
 #-####----#-#-#-#---#-####---#--###-#---##--###-#------####
 #-####----#-#-#-##--#-####-###--###-#---##--###-#-#----####
 #-####----###-#-##--#-####-###--###-#---##--#####-#-#--####
 #-####----###-#-##--#-####-####-###-#---##--#####-#-#--####
 #-####-#--###-#-##--#-####-####-###-#---###-#####-#-#--####
 #-####-#--###-#-##--#-####-####-###-#--####-#####-#-#--####
 #-####-#--###-#-##--#-####-####-###-#--####-#####-#-##-####
 #-####-##-###-#-##--#-####-####-###-#--####-#####-#-##-####
##-#######-###-#-##--#-####-####-###-#--####-#####-#-##-####
##############-#-##--#-####-####-###-##-####-#####-#-##-####
##############-####--#-####-###########-####-#####-#-##-####
##############-####--#-####-###########-####-#######-#######
###################--######-###########-####-#######-#######
####################-##################-####-#######-#######
####################-##################-############-#######
####################-#######################################
############################################################
703
           #-#---------------------------#             
           #-#-#-----------#-------------#             
           #-#-#-----------#-------------#             
           #-#-#-----------#-----------#-##            
           #-#-#-------#---#--#--------#-##            
           #-#-#-------#--##--#--------#-##---------#  
        #--#-#-#-------#--##--##-------#-##---------#  
        #--#-#-#-------#--##--##-------#-##---------#  
  #-----##-#-#-#-------##-##--##-------#-##---------#  
  #-----##-#-#-#-------##-##--##----##-#-##-------#-## 
  #-----####-#-#-------##-##--##----##-#-##-------#-###
 ##-----####-#-#-------##-##--##----##-#-##-------#-###
 ##-----####-#-#----#--##-##--##---###-#-##-#-----#-###
 ##-#---####-#-#----#--##-##--##-#-###-#-##-#-----#-###
 ##-#---####-#-#----#--##-##--####-###-####-#-----#-###
 ##-#---####-#-#----#-###-###-########-####-#-----#-###
###-#-#-####-#-#----#-###-###-#############-#----##-###
###-#-#-####-#-#----#-###-###-#############-#-#--##-###
###-#-#-####-#-#-#--#-###-###-#############-#-#--##-###
###-###-####-#-#-#--#-###-###-#############-#-#--##-###
#######-####-#-#-#-##-###-###-#############-#-#--##-###
#######-####-#-#-#-##-###-###-#############-###--##-###
#######-####-#-#-########-###-#############-####-######
#######-######-#-########-#################-####-######
#######-######-##########-#################-####-######
#######-######-############################-####-######
#######-###################################-####-######
#######################################################
568
                       #--#-------#                  
                       #--#-----#-#                  
                       #--#-----#-#----------------# 
     #-----------------#--#-----#-#----------------# 
 #---#-----------------#--#-----#-#----------#-----# 
 #---#-----#-----------#--#-----#-#----------#-----# 
 #---#-----#-----#-----#--#-----#-#----------#-----# 
##---#-----##----#-----#--#-----#-#----------#-----# 
##---#-----##----#-----#--##----#-#----------#-----# 
##---#--#--##----#-----#--##----#-#---#-#----#----## 
###--#--#--##----#-----#--##----#-#---#-#----#----## 
####-#--##-##----#-----##-##-#--#-#---#-#----#----## 
####-#--##-##----#-----##-##-#--#-#---#-#----#----###
####-#--##-##----#-----##-##-#--#-#---#-#--#-#----###
####-#--##-##----#-----##-##-#-##-#---#-##-###--#-###
####-#--##-##----#-----##-##-#-##-#---#-##-###--#-###
######--##-##----#-----##-##-####-#---#-##-###--#-###
######--##-##----###--###-##-####-#---####-###--#-###
######--##-##-#--###--###-##-####-#-#-####-###--#-###
######--##-##-#--###--###-##-####-#-#-####-###-##-###
######-###-##-#--####-###-##-####-#-######-######-###
######-###-####--####-###-##-####-#-######-######-###
######-###-####--########-##-####-########-######-###
######-###-####--########-##-####-########-######-###
######-########--################-########-######-###
######-#########-################-###############-###
#################################-###############-###
#####################################################
623
             #--#                                   
             #--#---#--#-----------------#          
   #---------#--#---#--##----------------#---------#
   #--------##--#---#--##---#------------#---------#
   #--------##--#---##-##---#------------#-------#-#
   #---##---##--#---##-##---##-----------#-------#-#
   #---##---###-#--###-##--###-------#---#-------#-#
   #---##---#####--###-###-###-------#---#--##---#-#
   #---##---#####--###-###-###-------#---#--####-#-#
   #---##---#####--###-#######-------#---#--####-###
 #-#--###---#####-#############---#-##--##--####-###
 #-#--###---#####-#############---#-##--##-#####-###
 #-#--###---###################-#-####--##-#####-###
 #-######---###################-#-####-###-#####-###
 #-######---###################-#-########-#####-###
 #-######---###################-#-########-#####-###
 ########---###################-#-##############-###
 ########-#-###################-#-##################
 ########-#####################-####################
####################################################
359
                   #-----------------#                 
                   #-----------------#---#-#           
              #----##-#--------------#---#-#           
     #--------#----##-#--------------#--##-#--#        
    ##--------#----##-#------------#-#--##-#--#----#   
#---###-------#----##-#------------#-#--##-#--#--#-#   
#--####-------#----##-#------------#-#--##-#--#--#-#   
#--####-------#----##-#---#--------#-#--##-#--#--#-#   
#--#####-----###---##-#---#--------#-#--##-#--#--#-#   
#--######----###---##-#---#--------#-#--##-#--#--#-#   
#--######----###---##-#---#---#---##-#--##-#--##-#-#   
##-######----###---##-#--###--#-#-##-##-####--##-#-#   
##-#######---###--###-#-####-##-#-##-##-####--##-#-#   
##-#######---####-###-######-##-#-#####-####--####-#   
##-########--####-###-######-##-#-#####-####--####-#   
##-########--####-###-#########-#-#####-####-#####-#-# 
##-########-#########-#########-#-#####-####-#####-### 
##-########-#####################-#####-############## 
##-########-###########################-###############
#######################################################
#######################################################
410
            #----------------------------------------## 
            #----------------#-----------------------## 
       #----#------------#---#-----------#-----------## 
       #----#------------#---#-----------#-----------## 
       #----#------------#---#---------#-#---#-------## 
       #----#------------#---#---------#-#-###-------## 
       #----#----#-------#---#---------#-#-###-------## 
      ##----#----#-------#---#---------#-#-###-------## 
      ##----#----##------#---#--#------#-#-###-#-----## 
 #----##----#----##------#---#--#------#-#-###-#-----## 
 ##---##----#--#-##------##--##-#------#-#-###-#-#---## 
 ##---##----#-##-##------##--##-#------#-#-#####-#---## 
 ##---##----#-##-##--#---##--##-#-----##-#-#####-#---## 
 ##---##----#-##-##--#---##--##-#-----##-#-#####-#---## 
 ##---##--#-#-#####--#---##--##-#-----####-#####-#---## 
 ##---##--#-#-#####--#-#-##--##-#-----####-#####-#---## 
 ##---##--#-#######--#-#-##--##-#-#---####-#####-#---## 
 ###-###--#-#######--#-#-##--##-###---####-#####-##--## 
 ###-####-#-#######--#-#-###-##-###---####-#####-##--###
 ###-####-#-#######--#-#-###-##-###---####-#####-##--###
 ###-##############--###-###-##-###---####-#####-##--###
 ###-##############--###-###-##-###---####-#####-#######
 ###-##############--###-###-##-####--####-#####-#######
 ###-##############--###-###-##-#####-####-#####-#######
 ##################-###########-##########-#####-#######
###################-###########-##########-#############
########################################################
668
 #------------------------#-#--#          
 ##----#------#----#------#-#--#          
 ##----#---#--#----##-----#-#--#          
 ####--#---#--#----##-----#-#--#---------#
 ####--#---#--#----##-----#-#--#---------#
 ####--#---#--#--#-##-----#-#--#---------#
 #######---#--#--#-##-----#-#--#---------#
 #######---#--##-#-##-----#-#--#---------#
 #######---#--##-#-##-----#-#--#---------#
 #######---#--##-#-##-----#-#--#-----#---#
 #######---#-###-#-##--#--#-#--#-----#---#
 ########--#-###-#-##-##--#-#--#-#---#---#
 ########--#-###-#-##-##--#-##-#-#---#---#
 ########--#-###-#-##-##--#-##-#-#---##--#
 ########-##-###-#-##-##--#-##-#-#-#-##-##
 ########-##-#####-##-###-#-##-#-#-#-##-##
 ###########-########-###-#-##-#-#-#-##-##
############-########-###-#-##-###-#-#####
############-########-###-#-##-###-#######
############-########-#####-##-###-#######
############-##############-##-###-#######
##########################################
377
   #-------#                              
   #-------#                              
   #-------#-----#--------------#         
   #---#---#-----#--#-----------#         
   #---#---#-----#-##-------#---#         
   #---#---#-----#-##-------#---#--------#
  ##---#---#-----#-####-----#---#--------#
  ##---#---#-----#-####-----#---#--#-----#
 ###---#---#-----#-####---#-#---#--#--#--#
 ###---#---#-----#-####---#-##--#--#--#--#
 ###---##--#----##-####---#-##--#--#-##--#
 ###-#-##-###--###-####---#-##--##-#-##-##
 ###-#-##-###--###-####---#-##--##-#-#####
 ###-#-##-###--########---#-##--####-#####
 ###-#-##-###--########-#-#-##--##########
####-#-##-###--########-#-#-###-##########
####-#########-########-#-#####-##########
####-#########-########-#-################
#######################-##################
##########################################
311
 ##-------------------------------#                     
 ##------#--------#-------#-------#                     
 ##------#-------##-#-----#-------#                     
 ##------#-------##-#-----#-------#                     
 ##------#-------##-##----#---#---#                     
 ##------#------###-##----#---#-###----------#          
 ##------#------###-##----#---#-###-#--------##--------#
 ##------#---#--###-##----#-#-#-###-#--------##--#-----#
 ##------#---#-####-##----#-#-#-###-#--------##--#-----#
 ##------#---#-#######----#-#-#####-##-------##--#--#--#
 ##------#---#-########---###-#####-##------###--#--#--#
 ##------#---#-########---###-#####-##-#----###--#--#--#
 ###-----#---#-########---###-#####-##-#----###--#--#--#
 ####----#--##-########---###-#####-####----###--#--#--#
 ####----#--###########---###-#####-####----###-##--##-#
 ####-#--#--###########-#-###-##########---#######--##-#
 ####-#--#--#############-###-##########---########-##-#
 ####-#-##-##############-###############-#########-##-#
 ####-#-##-##############-###############-#########-##-#
 ####-#-##-##############################-#########-##-#
 #########-##############################-#########-##-#
##########-##############################-#########-####
##########-########################################-####
########################################################
477
           #--#--#---#-----#---------------------#       
           #--#--#---#-----#---------------------##----# 
           #--##-##--#-----#--------#--#-#-------##---## 
#----------#--#####--#-----#----#---#--#-#-#-----##---## 
#---#-#----#--#####--#-----#--###---#--#-#-#-----##---## 
#---#-#----#--#####--#-----#--###---#--###-#-----##---## 
#---#-###--#-######--#-----#--###---#--###-#-----##---## 
#---#-###-##-######--#-----#-####---#--###-#-----##---## 
#---#-###-##-######--#-----#-####---#--###-#-#---##---## 
#---#-######-######--###---#-####---#--#####-#---##---## 
#---#-######-######--###---#-####---#--#####-#---##---## 
#--##-######-######--###-#-#-####---#--#####-#---##---## 
#--##-######-######--###-#-#-####-#-##-#####-#---##---## 
#--##-######-######--#####-#-####-#-########-#---##---###
#--#########-######--#######-####-#-##########-#-##-#-###
#--#########-######--#######-####-#-##########-#-####-###
##-#########-#######-#######-#################-##########
##-#################-#########################-##########
#########################################################
#########################################################
425
                #---------------#-----------#--#            
                #---------------#-----------#--#            
       #--------#---------------#-----------#--#            
  #----#--------#-----#--#--#---#-----#-----#--#-#          
  #-#--#--------#----##--#--#---#-----#-----#--#-#---#----# 
  #-#--#--------#----##--#--#---#-----#-----#--###---#----# 
  #-#--#--------#----##--#--#---#-----#----##--###---#----# 
  #-#--#--------#----##--#--#---#-----#----##--###---#----# 
  ###--#----#---#----##--#--#---#-----#----##--###---#--### 
  ###--#----#---#----###-#-##---#-----#----##--###---#--####
  ###--#----#---#----###-#-##---#-----#----##--###---#--####
  ###--#----#---#----###-####---#-----#----###-###---#--####
  ###--#----#---#----###-####---#-----#----###-####--#--####
  ###--#----#---#----###-####---#-----#----########--#--####
#-###--#----#---#----###-####---#-----#----########--#--####
#-###--#----#---#----###-####---#-----#----########--#--####
#-####-#----#---#----###-####--##-----#----########--#--####
#-####-#----#---#----###-#####-##-----#----########--#-#####
#-####-#----#-#-#----###-#####-##-#---#----#########-#-#####
#-####-##---###-#----###-#####-##-##--#----#########-#-#####
#-#######---###-#----###-#####-##-##--#----#########-#-#####
#-#######---###-#--#-###-#####-##-###-#----#########-#######
#-#######---###-#--#-#########-######-#----#########-#######
#-########--###-#--#-#########-########--#-#########-#######
#-#########-###-##-#-#########-########-##-#########-#######
#-#########-###-##-####################-##-#########-#######
#-#########-###-##########################-#########-#######
#-##################################################-#######
############################################################
############################################################
739
    #-----------##                
    #-----------##                
    #----#------##-#              
    #----#------##-#              
#---#----#------##-#--##          
#---#----#---#--##-#-####--------#
#---#-#-##---#--##-#-####--------#
#--##-#-##---#--##-######----#---#
#--####-##---##-##-######----#---#
#-#####-##---##-##########---##--#
#-#####-##---##-##########---###-#
#######-##---##-##########---###-#
#######-##-#-##-##########-#-###-#
#######-##-#-##-##########-#-###-#
#######-##-#-##-##########-#-###-#
#######-##-#-##-##########-#-###-#
#######-##-#-##-##########-#-#####
#######-##-#-##-##########-#-#####
#######-#######-##########-#-#####
#######-##########################
##################################
209
