             #----#--------------#----#
    #--------##---#---#----------#-#--#
    #--------##---#---#----------#-#--#
    #--------##---##--#----------#-#--#
   ##-----#--##---##--#----------#-#--#
   ##-----#--##---##--#---#----#-#-#--#
   ##-----#--##---###-#---#----#-#-#--#
   ##-----#--##---###-#---#----#-#-##-#
   ##-----#--##---###-#--##----###-##-#
   ##-----#--###--###-#--##----###-##-#
#--##-----##-###--###-#-###----###-##-#
#--####---##-###--###-#-###----###-##-#
#--####---##-###--###-#-###-##-###-##-#
#--####---##-###--###-#-###-######-##-#
#--####-#-##-###--###-#-###-######-##-#
#--######-##-####-#####-###-######-##-#
#--######-##-####-#####-###-######-##-#
#--#########-##########-#############-#
#--#########-##########-#############-#
#--#########-########################-#
#-###################################-#
#####################################-#
#######################################
338
     ##---#---#-#-------------------------------------#   
     ##---#---#-#------------------------#----#-------#   
     ##-#-#---#-#-----------------#-#----#----#-------#--#
     ##-#-#---#-#-----------------#-#----#----#---#---#--#
     ####-#--##-#-------#-------#-#-#----#-#--#---#---#--#
     ####-#--##-#-------#-------#-#-##---#-#--#---#---#--#
 #---####-#--##-#-------##---#--#-#-##---#-#--#---#---#--#
 ##--####-#-###-#-------##---#--#-#-##---#-#--#---#-#-#--#
 ##--####-#-###-#-----#-###--#--#-####---#-#--#---#-#-#--#
 ##--####-#-###-#-#---#-###--#--#-#####--#-##-#---#-#-##-#
 ##--####-#-###-#-#--##-####-#--#-#####--#-##-#---#-#-##-#
 ##--####-#-###-#-#--##-####-#--#-#####--#-##-#---#-#-##-#
 ##--####-#-###-#-#--##-####-#--#-######-####-##--#-#-##-#
 ##--####-#-###-#-##-##-####-#-##-######-####-##--#-#-##-#
 ##--####-#-###-#-##-##-####-#-##-######-####-##--#-#-##-#
 ##--######-###-#-##-##-####-#-##-######-####-##-##-#-##-#
 ##--######-###-#-##########-###########-####-##-##-#-##-#
 ##--######-###-#-##########-###########-####-#####-#-##-#
 ###-######-###-#-###########################-#####-####-#
####-######-##############################################
##########################################################
507
         #                                  
         #---------#------#                 
         #---------#------#----------------#
      #--#---------#------#----------------#
 #----#--#-----#---#-#----#--------#---#---#
 #----#--##----#---#-#----#----#---#---#---#
 #----#--##----#---###----#----#---#---#---#
 #----#--##----#---###----#----#---##--#---#
 #----#--##----##--###----#----#---##--#---#
 #----#--##----##--###----#----#---##--##--#
 #---##--##----##--###----#----#-#-##-###--#
 #---##--##----##--###----#----#-#-##-###--#
 #---##--##----##--###----#----#-#-##-####-#
 #---##--##----###-###----#----#-#-#######-#
 #---##--##----###-####---#----#-#-#######-#
 ##--##--##----###-####---#----#-#-#######-#
 ##-###--###-#-###-####---#----#-#-#########
 ##-####-#####-###-####---##---#-#-#########
########-#####-###-######-####-#-#-#########
########-#########-###########-#-###########
########-#########-###########-#############
##############################-#############
############################################
############################################
430
                 #--------#-----#-#------#-------#                 
   #-------------#--------#-----#-#------#-------#----#            
   #-------------#-#-#----#-#---#-#------#-------#----#            
   #---------#---#-#-##---#-#--##-#--#---#-------#----#            
#--#---------#---#-#-##---#-#--##-#--#---#-------#----#---#        
#--#---------#---#-#-###--#-#--##-#--#---#-------#----#---#        
#--#---------#---#-#-###--###--##-#--#---#-------#----#-#-#        
#--#---------#---#-#-####-###--##-#--#---##------#----#-#-#        
#--#-##------#---#-#-####-###--##-#-##---##------#----#-#-#        
#--#-##-----##---#-#-####-####-##-#-##---##-----##----#-#-##       
#--#-##-----##---#-#-####-#######-#-##---##-----##----#-#-##       
#--#-##-##--##-#-###-####-#######-#-##--###-----##----#-#-##---#-# 
#--#-##-##--##-#-###-####-#######-#-##--###-----##----#-#-##---#-##
#-##-##-##--##-#-###-####-#######-#-##--####----##----#-#-##---#-##
#-##-##-##--##-#-###-####-#######-#-##--####----##----#-#-##---#-##
#-#####-##--##-#####-####-#########-##--####----###---#-#-##---#-##
#-#####-##-###-#####-####-#########-##--####----###---#-#-##---#-##
#######-##-###-#####-####-#########-##--####----###---#-#-##---#-##
#######-##-###-#####-##############-##--####----###--##-#-##---#-##
#######-##-###-#####-##############-##--####----###--##-####-#-#-##
#######-##-###-#####-##############-##--####---####--##-####-#-#-##
#######-##-###-#####-##############-########---####--##-####-#-####
#######-######-#####-#######################---####--##-####-######
#######-############-########################-######-##-###########
####################-###############################-##-###########
###################################################################
664
   #---#------------------------------------------#----#
   #---#-----------------------#------------------#----#
   #---#-----------------------#-#---#------------#----#
   #---#-----------------------#-#---#------------#----#
   #---#-----------------------#-#---#------------#----#
   #---#----#------#----#--#---#-#--###------##---#----#
   #---#----#------#----#--#---#-#--###------##--##----#
   #---#----#-#---##----#--#---#-#--###------##--##----#
   #---#--#-#-#---##--#-#--#---#-#--###------##--##----#
 #-#---#--#-#-#---##--#-#--#---#-##-###------##--##----#
 #-#---#--###-#---##--#-#--#---#-##-###------##--##----#
 #-#---#--###-#-#-##--#-#--#---#-##-###----#-##--##----#
 #-#---#-####-#-#-##--#-#--#---#-##-###----#-##--##---##
 #-#---######-#-#-#####-#--#---#-##-###----#-##--##---##
 #-#---######-#-#-#####-#--#---####-###----#-##--##--###
 #-#---######-#-#-#####-#--#---####-###----#-##--##--###
 #-###-######-#-#-#####-#--#--#####-###----#-##--##--###
 #-###-######-#-#-#####-#--#--#####-###-#--#-##--###-###
 #-###-######-#-#-#####-#--#--#####-###-#--#-##--###-###
##-###-######-#-#-#####-#--#--#####-###-#--#-##--###-###
##-###-######-###-#####-#--#-######-###-#--#-##--###-###
##-###-######-###-#####-#--########-#####--#-##--###-###
##-###-######-#########-#--########-#####--#-##--###-###
##-###-######-#########-#--##############-##-##--###-###
##########################-####################-####-###
########################################################
703
                #-----#-----#---#----------#  
                #-----#-----#---#-----#----#  
               ###--#-#-----#---#-#---##---#  
            #--###--#-#-----#---#-#---##---#  
           ##-####--#-#-----#---#-#---##---#  
        #--##-####--#-#-----#---#-#---##---#  
        #--##-#####-#-#-----##--#-#---##---## 
        #--##-#####-#-#--#--##--#-#---##---## 
 #------#--##-#######-#--#--##--###-#-##-#-###
 ##-----#--##-#######-#--##-##--###-#-##-#-###
 ####---##-##-#######-#--##-##--###-#-##-#-###
 ####---##-##-#######-#--######-###-#-##-#-###
 ####---##-##-#######-#--######-#####-##-#-###
#####---##-##-#########--######-#####-##-#-###
######--##-##-##########-######-#####-####-###
######--##-#############-#################-###
######--##-#############-#################-###
######-###-#############-#####################
######-#################-#####################
##############################################
272
                      #        
                   #--#        
     #----#--------#--#        
    ##----#--------#--#        
    ##----#------#-#--#        
    ##-#--#------#-####--#----#
    ##-#--#--#---#-####--#----#
    ##-#--#--#---#-####--#----#
    ##-#--#--#---#-####--#----#
##--####--#--#---#-####--#----#
##--####--#--#---#-####--#--#-#
##--####--#--#---######-##--#-#
##--####--##-#-#-######-##--#-#
##--####--##-#-#-######-##--#-#
##--####--##-###-######-###-#-#
##--####--##-###-######-###-#-#
##-#####--##-###-######-###-###
##-######-##-###-##########-###
##-######-##-###-##########-###
##-######-##-###-##########-###
##-#########-###-##########-###
############-###-##########-###
###############################
217
                             #-----#   
      ##--#------------------#-----#   
      ##--#------------------#-----#   
      ###-#---#--------------#-----#   
#-----###-#---#-------------##-----#   
#-----###-##--#-------#--#--##-----#   
##----###-##--#-------#--#--##-----#-# 
##----###-##--#-------#--##-##-----#-# 
##---####-##--#-------#-###-##-----#-# 
##---####-##--#-------#-###-##-----#-##
##---####-##--#-------#####-##-----#-##
###--########-###-----#####-##-----####
###--########-###-----#####-##-----####
####-########-####---######-##-----####
####-########-#####--######-##-----####
####-########-#####--#########-----####
####-########-#####--##########-#-#####
####-########-######-##########-#-#####
####-########-######-############-#####
####-########-###################-#####
####-##################################
####-##################################
#######################################
316
                                               #       
                             #-----------------#       
    #---------#--------------#----------------##       
    #---------#-#------------#----------------##       
    ##--------#-#------------#----------------##       
    ##--------#-#------------#-------#--------##       
   ###-----#--#-#-----#------#---#---#--------##-#     
 #-###--#--#--#-#-----#------#---#---#--------##-#     
 #-###--#--#--#-#-----#--##--#---#---#----#---####---# 
 #-###--#--#--#-#-----#-###--#---#---#----#---####---# 
 #-###--#--#--#-#----##-###--#---#---#----#---####---# 
 #-###--#--#-##-#----##-###--#---#---#--#-#---####--## 
 #-###--#--#-##-#---###-###--#---#---#--#-##--####--## 
 #-###--#--#-##-#---###-###--#---#---#--#-##--####--## 
 #-###--#--#-##-#---###-###--#---#---#--#-##--####--## 
 #-###--#--#-##-##--###-###--#---#---#--#-##--####--## 
 #-###--#--#-##-##--###-###--#---#---#--#-##--####--## 
 #-###--#--#-##-##--###-###--#--##---#--####--####--## 
 #-###--#--#-##-##--###-###--#--##---#--####--#####-## 
 #-###-##--#-#####--###-###--#--###--#--####--#####-## 
 #####-##--#-#####-####-###-##--###--#--####--#####-## 
 #####-##--#-##########-###-###-###--#--####--#####-## 
 #####-###-#-##########-###-###-###--#--#####-#####-###
 #####-###-#-##########-###-#######--#--#####-#####-###
######-###-#-##########-###-#######--#--#####-#####-###
######-###-#-##########-###-########-#--###############
#######################-############-#--###############
#######################-##############-################
#######################-##############-################
#######################################################
631
    ##---------------------------#  
    ##-#-#-----------------------## 
#---##-#-#-----------------------## 
#-#-##-#-#--#--------------------## 
#-#-##-#-#--#----#---#-----------## 
#-#-##-#-#--#----#---##----------## 
#-#-##-#-#--#----#---##-#--------## 
###-##-#-##-#----#---##-#-----#--###
###-##-#-##-##---#---##-#---###-####
###-##-#-##-##---#--###-#---###-####
###-##-#-##-##---#--###-##--###-####
###-##-#-##-##---#--######--###-####
###-##-#-##-##---#--######--###-####
###-##-#-##-##---#--######--###-####
###-##-#-##-##---#--######-####-####
########-##-##---#--######-####-####
########-##-###--#--######-####-####
########-##-###--#--######-####-####
########-##-###--##-######-#########
########-######--##-######-#########
########-######--##-################
########-######--##-################
########-######-####################
####################################
####################################
329
#-----------------#-------#    
#-----------------#-------#    
#-#---------------#-------#---#
#-#-----------#---#-------#---#
#-#-----------#---#-#-#--##---#
#-#-------#---#---#-#-#--##---#
#-#-##----#---##--#-#-##-##---#
#-#-##----#---##-##-#-##-##---#
#-#-##----#---##-##-####-##--##
#-#-##----#---##-##-####-##--##
#-#-##----#-#-##-##-####-##-###
#-#-##----#-#-##-##-####-######
#-#-##--#-###-#####-####-######
#-#-##--#-###-#####-###########
#-#-##--#-###-#####-###########
#-#-###-#-#####################
#-#-###-#-#####################
#-#-###########################
#-#-###########################
###############################
260
   ##---------------------#-#-------#     
   ##-#-----#-------------#-#-------#     
   ##-#-----#-------------#-#-------#     
   ##-#-----#-------------#-#-------#     
   ##-#-----#-------------#-#-------#     
 #-##-#---###-------------#-#--#----#     
 #-##-#---###-------------#-#--#--#-##    
 #-##-#---###-------------#-#--#--#-##    
 #-##-#---###-------------#-#--##-#-##--# 
 #-##-#---###-#---#-------#-##-##-#-##--##
 #-##-#---###-#---#-------#-##-##-#-##--##
 #-##-#---###-#---#-------#-##-##-#-##-###
 #-##-#---###-#---#-------####-##-#-##-###
 #-##-#-#-###-#-#-##------####-##-#-##-###
 ####-#-#-###-#-####------####-##-#-##-###
 ####-#-#-###-#-####------####-##-#-##-###
#####-#-#-###-#-####----#-####-##-#-##-###
#####-#-#-###-#-#######-#-####-##-#-##-###
#####-#-#-###-#-#######-#-####-##-#-##-###
#####-#-#-#####-##############-##-#-##-###
#######-#-#####-##############-##-########
#######-#-#####-##############-##-########
#######-#-#####-##############-##-########
#######-#-####################-##-########
#########-#######################-########
##########################################
432
 #---------------#                
 #-------#--#----#                
 #-------#--#----#                
 #------##--#----#--------#------#
 #------##-##----#--------#-----##
 #------##-###--##--------#-----##
 #------##-###--##--------#-#---##
##------##-###--##--------#-#---##
##------##-###--##--------#-#---##
##------##-###--##--------#-#---##
##------##-###--##-------##-#--###
##-#---###-###--###---##-##-#--###
##-#---###-###--###---##-##-#--###
##-#---###-###--###---##-##-##-###
##-#---###-###--###---##-##-##-###
##-#---###-###--###---##-##-##-###
##-#---###-###--####-###-##-##-###
##-#---#######--####-###-##-##-###
##-#--########--####-###-##-##-###
##-#--########--########-#########
##-###########-#########-#########
##-###############################
##################################
323
     #-----#-----#--------#----##                   
#----#-----#-----#--------#----##-------#           
#----#-----#-----#----##--#----##-#-----#--#        
#----#--##-#-----#----##--#----##-#-----#-##----#   
#----##-##-#-----#-#--##--#----##-#----#####----#--#
#----##-##-#-----#-#--##--#----##-#--#-#####----#--#
#----##-##-#-----###--##--#----##-#-##-#####----#--#
#----##-##-#---#-###--##--#----##-#-##-#####---##--#
#----#####-#---#-###--##-##----##-#-##-######--##--#
#----#####-##--#-####-##-##----##-#-##-######-###--#
#----#####-##--######-##-##----##-#-##-##########-##
##---#####-##--######-##-##--#-##-#-##-##########-##
##---#####-##-#######-##-##--#-##-#-##-#############
##---#####-##-#######-#####--#-##-#-################
###--#####-##-#######-#####--####-##################
###--#####-##-#######-#####--####-##################
####-########-#######-######-####-##################
####-################-######-####-##################
####-###############################################
####################################################
360
