          #                              
          #-----------#                  
          #-----------#                  
          #--------#--#                  
          #-#------#-##                  
          #-#--#---#-##-------#          
          #-#--#---#-##-------#          
          #-#--#---#-##----#--#-------#  
          #-#--##--#-##----#--#-------#  
          #-#--##--#-##----#--#-------#  
          #-#--##-##-##----#--#--#----#  
#---------#-#--##-##-##----#--#--#-#--#  
#----#----#-#--##-##-##--#-#-##--#-#--#  
#----#----#-##-##-##-##--#-#-##--#-#--#  
#-#--##---#-##-##-#####--#-#-##--#-#--#  
#-#-###---#-##-##-#####--#-#-##--#-#--#  
#-#-###---#-##-##-#####--###-##-##-#--#  
#-#-###---#-##-##-#####-####-##-##-#--#-#
#-#####---#-#####-#####-####-##-##-#--#-#
#-#####---#-#####-#####-####-##-####--#-#
#-#####---#-#####-#####-#######-####--###
#-#####---#-#####-#####-#######-#########
#-#####---#-#####-#####-#######-#########
#-#####--##-#####-#####-#######-#########
#-#####-#########-#############-#########
#######-#######################-#########
#######-#################################
#########################################
#########################################
341
      #----#----#-----------------------------#----------------#----#
      #----#----#-------#---------------------#-#-------#------#----#
  #---#----#----#-------#------#----#--#------#-#-------#------#----#
  #---#----#----#-------##-----#----#--#------#-#-------#------#----#
  #---#----#----#----#--##-----#----#--#------#-#-------#------#----#
  #---#----#----#----#--##-----#----#--#------#-##------#------#----#
  #---#----#----#----#--###----#----#--#----#-#-##------#--#---#----#
  #---#----#----#----#--###----#----#--#--#-#-#-##------#--#---#-#--#
  #---#----#----#----#--###----#----#--#--#-#-#-##------#--#---#-#--#
  #---#----#----#----#--###----#----#--#--#-#-#-##------#--#---#-#--#
  #---#----#----#----#--###----#----#--#--#-###-##------#--#---#-#-##
  #---#----#--#-#----#--###----#----#--#-##-###-##--#---#--#---#-#-##
  #---#----#--#-#----#--####--##---##--#-##-###-##--#---#--#---#-#-##
  #---#----#--#-#----#--####--##---##--#-##-###-##--#---#--#---#-#-##
  #---##---#--#-#----#--####--##---##--#-######-##--#---#--##--#-#-##
  #---##---#--###----#--####-###---##--#-#########-##---#--##--#-#-##
 ##---###--#-####----#-#####-###---##--#-#########-##---#--##--#-#-##
 ##---####-#-####----#######-###---##--#-#########-##---#--##--#-#-##
 ##---####-#-####----#######-###--###--#-#########-###--#--##--#-#-##
 ##---####-#-####---########-###--###-##-#########-###--#--#####-#-##
 ##---######-#####--#############-###-################--#--#####-#-##
 ##--#############--#############-###-################--#-######-#-##
 ##-###############-#############-####################--#-######-#-##
 ##-###############-##################################--#-########-##
 ##-###################################################-#-###########
 ##-###################################################-#############
 ######################################################-#############
#######################################################-#############
#####################################################################
878
                                                         #            
               #----------------#------------------------#            
               #-#----------#---#-#-#-#------------------#--#------#  
               #-#----------#---#-#-#-#----------#-------#--##-----#  
 #-----#--#----#-#------#---#---#-#-#-#-#------#-#-#-----#--##----##  
 #----##--#----#-#------#---#---#-#-#-#-#-#----#-#-#-----#--##----##  
 #----##--##---#-#------#--##---#-#-#-#-#-#----###-#-----#--###---##  
 #--#-##--####-#-#------#--##---#-#-#-###-#----###-#-----#--###---##-#
 #--#-##--######-#------#--##---###-#-###-#----#####-----#--####--##-#
 #--#-##--######-#-#----#-###---###-#-###-#--#-#####---#-#-#####--##-#
 #--####--######-#-#----#-###---###-#-###-#--#-#####--##-#-######-##-#
 ##-####-#######-#-#---##-####--###-#-###-#--#-#####--##-#-######-####
 ##-####-#########-#---##-####--###-#-###-#--#-#####--##-#-######-####
 ##-####-#########-#-#-##-#####-#########-#--#-#####-###-#-######-####
###-####-#########-#-#-##-#####-#########-#--#-#####-###-#-######-####
###-####-#########-#-#-##-#####-###########--#-#####-###-#-######-####
########-#########-#-#-####################--#-#####-###-#-###########
########-#############-#####################-#######-###-#-###########
########-###################################-#############-###########
######################################################################
488
               #                             
          #----#                             
          #----#-----------------------#----#
          #----#--#--------------------#-#--#
     #-#--#----#--#--------------------#-#--#
     #-#--##---#--#------#-------#----##-#--#
#---##-#--##---#--#----#-#--#----#----##-#--#
##--##-#--##---#--#---##-#--#----#----##-#--#
##--##-##-##---#--#---##-##-#----#----##-#--#
##--##-##-##--##--#---#####-#----#----##-#--#
##--##-##-##--##--#---#####-##---#----##-#--#
##--##-##-##-###--#---#####-##--##----##-#--#
###-##-##-##-###--#---#####-###-##----##-##-#
###-##-##-##-###--#-#-#####-###-##---######-#
###-##-##-##-###-##-#-#####-######--#########
###-##-##-######-##-#-#####-######--#########
###-##-##-#########-#-#####-######-##########
###-##-##-#########-#######-#################
###-#####-#########-#######-#################
###-#####-#########-#######-#################
#############################################
340
      #-------#                      
      #-----#-##--------------------#
      #-----#-##--------------------#
      #-#---#-##---------------#----#
      #-#---#-##---------------#----#
#-----#-#---#-###--------------#----#
#-----#-#---#-###-------------##----#
#-----#-###-#####-------------##----#
#-----#-###-#####-------------##----#
#-----#-###-#####-------------##----#
#---#-#-###-#####--#---#------##----#
##--#-#-###-#####--#---#------##----#
##--#-#-###-#####--#---#-----###----#
##--#-#-###-#####--#--##-----####---#
##--#-#-###-#####-##--##-----####-#-#
##--#-#-###-#####-##--##-----####-#-#
##--#-#-###-#####-##--##---#-####-#-#
##-##-#-###-#####-##--##-#-######-#-#
##-##-#-###-#####-##-###-#-######-#-#
#####-#####-#####-##-#####-######-###
#####-#####-#####-##-############-###
#####-##############-############-###
#####################################
#####################################
390
      #---#                         
      #---#------#----#             
      #---#----#-#----#             
      #---#----#-#----#-#           
     ##---#----#-#----#-#           
     ##--##----#-#----#-#           
     ##--##----#-#----#-##          
     ##--##----#-#----#-##          
     ##--##----#-#----#-##--#       
     ##--##----#-#----#-###-#       
     ##--##---##-#----#-###-#       
     ##--##---##-##---#-###-#       
     ##--##-#-##-##---#-###-#----#  
 #---##--##-#-##-##---#-###-#--#-#  
 #---##--##-#-#####---#-#####--#-#  
 ###-##--##-#-#####-#-#-######-#### 
####-##--##-#-#######-#-######-#### 
####-##-#####-#######-#-######-#### 
#######-#############-#-############
#######-###############-############
####################################
212
#----------------#-----------------------------------------------# 
#---#------------#------#-#--------------#------------------#----# 
#---#------------#------#-#--------------##----#------------#--#-# 
#---#-----#----#-#--#---#-##-------------##----#------------#--#-# 
#---#-----#--#-#-#--#---#-##-------------##----#------------#--#-##
#--##-----#--#-#-#--#---#-##-------------##----#------------#--#-##
#--##---#-#--#-#-#--#---#-##--#------#--###----#------------#--#-##
#--##---#-#--#-#-#--#---####--#---#--#--###----#----------#-#--#-##
#--###--#-#--#-#-#--#---####--#---#--#--###----#----#-----#-#--#-##
#--###--#-#-####-#--#---####--#---#--#--###----#----#-----#-#--#-##
######--#-#-####-#--#---####-##---#--#--###----##---#-----###--#-##
######--#-#-####-#--#---####-##---#--#--###----##---#--######--#-##
######--#-#-######--#---####-##---#--#--####---##---#-#######--#-##
######--#-#-######-##---####-##---#-##--####---##---#-#######--#-##
######--#-#-######-####-####-##-#-#-##--####---##-###-#######--#-##
#########-#############-#######-#-#-##--####---##-###-#######--#-##
#########-#############-#######-#-#-##--####-#-##-###########--#-##
#########-#############-#######-#-#-##--####-#-##-###########--#-##
#########-#############-###########-##--####-#-##-###########--#-##
#########-#############-##############--####-#-##-###########--####
#########-#############-####################-#-###############-####
###################################################################
692
                                          #                           
                           #--------------##---#--------#             
   #------------#----------#--------------##---#------#-#             
   #-------#---##----------#--------------##---#------#-#             
   #-------##--##-#--------#---#----------##---#---#--#-#             
  ##-------##--##-#-------##---#--------#-##---#--##--#-#-#----------#
  ##-------##--##-#-------###--#-#------#-##---#--##--#-#-#----#-----#
  ##-------##--##-#-------###--#-#------#-##---#--##--#-#-##---#-----#
  ##-------##--##-#-------####-#-#------#-##---#--##--#-#-##---#-----#
  ###------##--##-#-------####-#-#------#-##---#--#####-#-##-#-#-----#
  ###-----###--##-#-------####-#-#------#-##---#--#####-#-##-#-#---#-#
#-###-----###--##-#-------####-#-##-#---#-##---#--#####-#-##-#-#---#-#
#-###-----###--##-#-------####-#-####-#-#-##-#-#--#####-#-##-#-##--#-#
#-####----###--##-#-----#-####-#-####-#-#-####-#-######-#-##-#-##--#-#
#-####----###--##-#-----#-####-#-####-#-#-####-#-######-#-##-#-##--#-#
#-####----###--##-#-#---#-###########-#-#-####-#-######-#-########-#-#
#-####----####-##-#-#-#-#-#############-######-#-######-#-########-#-#
#-#####-#-####-##-#-#####-#############-######-#-########-########-#-#
#-#####-#-####-##-#######-#############-########-########-########-#-#
#-#######-###############-#############-########-########-########-#-#
#-#######################-#############-########-#################-#-#
#-#######################-#############-########-#################-#-#
#-#######################-######################-#################-###
######################################################################
623
                  ##------------#             
               #--##------------#-----#       
               #--##------------#-----#       
               #--##------------#-----#       
      #------#-#--##-----##-----#-----#       
 #--#-##-----#-#--##-----##-----#-----#       
 #-##-##-----###--##-----##-#---#-----#------#
 #-##-##-----###--##-----##-#--##--#--#------#
##-##-##-----###--##-----##-#-###--#-##------#
##-##-##-----###--##---#-##-#-####-####------#
##-##-##-----###--###-##-##-#-####-####------#
##-##-##--#--###-####-#####-######-####-##--##
##-#####--##-###-####-#####-######-####-##--##
########-###-##############-######-####-##--##
########-###-##############-######-####-##--##
########-###-##############-##############--##
##########################################--##
##########################################--##
##########################################--##
##############################################
291
                    #--------------------#   
                    #---------------#----#   
 #------------------#------#-#------#----#   
 #-#-----#----------#------#-#------#----#   
 #-#-----#----------#------#-#------#----##  
 #-##----#----------#------#-#-#----##---##  
 #-##----#--#------##------#-#-#-#--##---##  
 #-###-#-####-----###------#-#-#-#--##---##  
##-###-######-----###-#----#-#-#-#--##---##  
##-###-######--######-#--#-#-#-#-#--##---##  
##-###-######--######-#--###-#-#-#--##-#-##  
##-###-######--######-#--###-#-#-#--##-#-##  
##-###-######-#######-#--###-###-#-###-#-##  
##-###-######-#######-#--###-###-#-#####-##  
##-###-######-#######-#--###-###########-##  
##-###-##############-##-###############-##  
##-###-##############-##-###############-##  
##-###-##############-##-####################
######-#################-####################
#############################################
328
      #-----------------#        
      #-----------------#        
  #---#-----------------#        
 ##---#-#---------------#---#    
 ##---#-#---------------#---#    
 ##---#-#---------------#--##    
###---#-#---------------#--##    
###---#-#---------------#--##    
###---#-#--#------#----##--##    
###---#-#--#------#----##--##-#  
###-#-#-#--##-----#----##--##-#  
###-#-###--##-----##---##--##-#  
###-#-###-###-----##---##--##-#  
###-#-###-###----###--###--##-#  
###-#-###-###----###--###--##-#  
###-#-###-####-#####-####--####  
###-#-###-####-#####-####--##### 
###-#####-####-#####-####--##### 
###-#####-####-#####-####-#######
###-##########-#####-####-#######
###-##########-#####-############
#################################
#################################
300
               ##------#--#            
#-----#--------##------#--#            
#-----#----#---##------#--#            
#-----#----#---##------#-##            
#-----#----#---##------#-##-#          
#-#---#-#--#---##----#-#-####------#   
#-#---#-#--#---##----#-#-####-----##   
#-#---###--#---##----#-#-####-----###  
#-#---###--#---##--#-#-#-####-----###  
#-#---###--#---##--#-###-####-----###  
#-#--####--##--##--#-###-####-----###  
#-#--####--##--##--#-###-####-##-####  
#-#--####--##--##--#####-####-##-####  
#-#--####--##--##--#####-####-##-####  
#-#--####--##--##--#####-####-##-####-#
#-#--####--##--##--#####-####-##-######
#-#--####--##--##--#####-####-##-######
#-#--####--##--##############-#########
#-#--#####-##--##############-#########
#-#--#####-###-##############-#########
#-#-##########-##############-#########
#-#-###################################
#-#-###################################
#######################################
307
