   #      
   #      
   #      
   #      
 #-#-#    
##-#-#    
######-#-#
##########
6
  ##     
  ##     
  ##     
  ##-#-# 
  ##-#-##
 ###-####
 ###-####
 ###-####
####-####
#########
8
  #   
 ###  
####  
####  
####-#
####-#
######
######
2
#----#
#----#
#-#-##
###-##
###-##
###-##
###-##
###-##
######
15
