      #----#     
      #----#     
      #-#--#     
#-----#-#--#-##  
#-----#-#--#-##  
#----##-#--#-##  
#----##-#--#-##  
#-#--##-#--####  
###--##-##-####  
###--##-##-####  
###--##-##-####  
###--##-##-####  
###--##-##-####  
###--##-##-####  
###--##-##-####  
###--##-#######  
###--##-######## 
#################
85
        #----------#
        #----------#
        #----------#
        #----------#
   #--#-#-------#--#
   #--#-#-------#--#
   #--#-#-------#--#
   #--#-#-------#--#
   #--#-#--#----#--#
#--#--#-#-##-#--#--#
#--#--#-#-##-#--#--#
#--#--#-#-##-#--#--#
#--#--#-#-##-#--#--#
#--##-######-##-#--#
#--#########-##-##-#
#-#############-##-#
####################
158
   #---#     
   #---#----#
   #---#--#-#
#--#---#--#-#
#--##--#--#-#
#####--#--#-#
#####--#--###
######-##-###
######-##-###
######-##-###
######-##-###
######-######
######-######
#############
#############
#############
50
        #---#  
        ##--#  
 #-----###--#  
 #-----###--#  
 #-----###--#  
##---#-###--## 
##---#-####-## 
###--#-####-## 
###--#-####-## 
###--#-####### 
###--#-####### 
###--#-####### 
####-#-####### 
####-#-####### 
####-#-########
####-##########
###############
###############
###############
61
     #        
  ##-#        
  ##-#        
  ##-#        
#-##-#        
#-##-#--##    
####-#--##    
####-#--##    
####-#--##    
####-#--##    
######--###-##
######--###-##
######--###-##
######--###-##
######--###-##
##############
36
            # 
       #---## 
       #---## 
       #---## 
 ##---##---## 
 ##-#-##-#### 
 ##-#-##-#### 
 ##-####-#### 
 #######-#### 
 #######-#### 
 #######-#####
 #######-#####
 #######-#####
 #############
##############
##############
28
  #-----#----#--------#      
#-#-----##---#--------#--#-# 
#-#-#---###--#-------###-### 
###-#---###--#--#--#-###-### 
###-#---###--#--#-##-###-### 
###-#-#-###--#-##-######-### 
###-###-###-##-#########-### 
#######-###-##-############# 
#############################
#############################
#############################
91
  #--------#------------#  
  #--------#----------#-#  
  #--------#---#---#--#-#  
  #-----#--#---#---#-##-#  
  #-----#--#---#---#-####  
 ##-----#--#---##--#-####  
 ##-----#--#---##--#-####  
 ##-#---#--#---##--#-####  
 ##-#---#--#-#-##--#-####-#
 ##-#---#--#-#-##--#-####-#
###-#---#--#-#-##--#-####-#
###-#---##-#-#-##--#-####-#
###-#---##-###-##--#-####-#
###-#---##-######--#-####-#
###-##--##-#######-#-####-#
###-###-############-####-#
#######-###################
###########################
###########################
201
      #------#-----#  
      ##-----#-----#  
      ##-----#--#--#  
      ##-----#-##--#  
     ###-----#-##--#  
     ###-----#-##--## 
 #--####-#---#-##--## 
 #--####-##--#-##--## 
 #--#######--#-###### 
##--##########-###### 
##############-###### 
######################
80
                       #  
     #-----#--#----#---#  
#----##----#--#----#---## 
#----##----#--#----#--### 
#-#--##----#--#--#-##-### 
###-###-#--#--#--#-##-### 
#######-##-##-##-####-### 
#######-##-##-##-####-### 
##########-##-##-####-####
##########-#####-####-####
##########-#####-#########
##########################
##########################
89
