  #--------#--#------#     
#-##-------#--##-----#     
#-##-------#--##-----##    
#-##-------#--##-----##    
#-##--#--#-#--##---#-##-#  
#-##-##--#-#--##-######-#  
#-##-###-#-#--##-######-#  
#-##-###-#-#--##-######-#  
####-###-#-#--#########-#  
####-###-#-#--#########-## 
####-#####-#--#########-## 
####-#####-##-#############
####-#####-##-#############
##########-##-#############
###########################
124
#          
#--------# 
#--------# 
#-#------# 
#-#--#---# 
#-#-##---##
#-#-##---##
###-##-#-##
###-##-#-##
###-####-##
###-####-##
########-##
########-##
########-##
########-##
########-##
########-##
###########
55
        #--## 
        #--## 
        #--## 
      #-#-### 
      ####### 
      ####### 
      ####### 
      ####### 
#-----####### 
#-----####### 
#---#-########
#---##########
#---##########
#-#-##########
###-##########
##############
31
#------#----#            
#------#----#-#-------#  
#-----##-#--#-#-------#  
#-----##-#--#-#----#--#  
#-----##-#--#-#-#--#--#  
#-----##-#--#-#-#--#--#  
#-----##-#--###-#--##-#  
#-----##-#-####-#--##-## 
#-----##-#-####-#--##-## 
#-----####-####-#--##-###
#-----###########--##-###
#-----###########-###-###
#-----###########-###-###
##----###############-###
###-#-###################
#########################
160
             #    
             #-#  
    #--------#-#  
 ##-#--------#-#  
 ##-#--------###  
 ##-#-#-#----###  
 ##-#-#-#---####  
 ##-#-#-#-#-####  
 ##-#-#-#-#-####  
 ##-#-###-#-####  
 ##-#-###-######  
 ##-#-###-######  
 ##-#-###-####### 
 ####-###-####### 
 ####-###-####### 
 ####-###-####### 
 ####-########### 
##################
72
 #---#--#    
 #---#--#    
##---##-#-#  
##---##-#-#  
##---##-###  
##---##-###  
##-#-##-###  
##-#-##-###  
##-#-##-###  
##-#-##-###  
##-#-##-###  
#######-###  
#######-###  
#######-###  
#############
#############
#############
#############
#############
46
 #------------------#-#-----# 
 #----------------#-#-###---# 
 #----------------#-#-###---# 
##----------------#-#-###---# 
##-----#------#---#-#-###---# 
##-----##-----#---#-#-###---# 
##----###-#---#-#-#-#-###---# 
##----###-#---#-#-#-#-###---# 
##----###-#---#-#-#-#####--## 
##----###-#---#-#-#######--## 
##-#-####-##-##-#-#######-### 
####-####-##-##-#-#######-### 
####-####-##-############-####
####-#######-############-####
####-#######-############-####
####-####################-####
##############################
204
   #-----#--#----#-----#   
 #-#-----#--#-#--#-----#   
 #-#-----#--#-#--#-----#   
 #-#-----#--###--#-----##  
 #-#-----##-###--#-----##  
 #-#-----##-###--#----###  
 #-#---#-##-####-#---####  
##-#---#-##-####-#-#-####  
##-##--#-#######-#-#-####  
##-##--#-#########-#-####  
##-##--#-#########-#-####  
##-##--#-#########-#-####  
##-##--###########-######  
##-##-###################  
##-##-#####################
###########################
###########################
142
           ##          
 #---------##-#        
 #-#-------##-#-------#
 #-#-------##-#-------#
 #-#-------##-#-------#
 #-#-#--#--##-#-------#
 #-#-#--#--##-#-------#
 ###-#--#--##-#-------#
 ###-#-##--##-##------#
 ###-#-##--##-##------#
 ###-#-##--##-##------#
 ###-#-##--##-##------#
####-#-##--##-##-----##
####-####--##-##---####
####-####--#####-#-####
####-###########-#-####
####-#############-####
#######################
#######################
170
             #-#      
        ##---#-#      
 #------##---#-#----# 
 #------##---#-#--#-# 
 #------##---#-##-#-# 
###---#-###--####-#-# 
####--#-###-#####-####
####--#-###-#####-####
####--#-#########-####
#######-#########-####
#################-####
######################
69
