791342885
96529190
478231202
692237555
702024570
564621209
337221988
425430888
558045873
137310635
975163927
480939518
381323326
95567880
916933157
583102241
855494361
239793603
161331274
148459427
117391315
727688173
37104964
188559988
742977445
513878197
666760983
39750449
798958398
114040082
147028839
