275186727
519664494
658214825
621089229
811074431
