466486836
672789790
718461253
482361088
142382092
376671503
419333973
599807473
635707616
721568908
482361088
635707616
951234175
273207878
482361088
881779447
51288244
562992784
255840229
419333973
980141720
639909956
471084001
980141720
216191719
273207878
170399885
130003129
413021001
881779447
312450027
642654783
981043477
981043477
