217689433
482361088
612955947
100543565
980141720
904799209
677424793
472606716
51288244
130003129
904799209
170325148
670858904
612955947
951234175
806075195
810370359
623131616
398885785
810370359
391522634
2991045
398885785
951234175
