2991045
241802082
459405516
742820472
672789790
376671503
398885785
597825754
351513474
351513474
142382092
170325148
376671503
227828425
981043477
892187321
51538998
981043477
100543565
241802082
51538998
991943513
307254377
639909956
170399885
51538998
677424793
351513474
312450027
718461253
642654783
562992784
635707616
51538998
216191719
51288244
677424793
