379822079
194734114
869904827
40606596
420605178
751624576
480301738
282411358
46537257
214108939
269055146
616256304
182145359
468609533
955351422
534801201
375734507
824580052
939367888
842659741
578554941
846818571
192773580
121873812
757666747
71507034
427399457
844445027
81184073
