726389763
593105869
199790517
991248350
734247522
364780689
325878177
339483698
683718464
873330960
93175058
65817473
121168533
726389763
393419388
757666747
210974181
794680339
909809121
385004325
465967079
762419651
390697384
363498772
427399457
123542166
218921398
374163730
701140010
635993383
