17
3
9
20
7
5
7
5
11
6
11
2
25
2
9
0
5
7
9
15
1
24
13
1
9
8
9
6
20
17
12
1
5
6
2
15
1
16
10
3
2
10
16
4
0
19
6
15
5
0
21
8
0
18
16
4
13
1
10
6
0
7
5
9
23
0
14
18
1
9
11
4
10
6
5
7
11
2
13
3
2
4
8
0
9
21
3
13
8
19
10
5
14
17
10
