2
15
1
27
3
8
0
14
20
1
7
9
11
8
6
4
8
2
0
3
4
19
2
10
16
0
0
19
7
1
10
9
16
1
7
2
2
6
12
10
3
1
5
2
5
2
4
2
4
10
1
9
4
17
3
4
11
12
4
14
0
7
15
8
0
5
9
18
5
16
9
12
15
1
14
1
3
2
16
2
17
3
1
15
9
16
12
10
12
2
13
21
28
14
2
5
11
11
13
2
