1
15
6
4
5
11
25
5
0
8
3
0
15
4
4
11
12
0
12
4
2
11
10
18
8
2
8
1
5
16
15
12
10
1
7
2
7
3
2
2
1
13
19
5
17
3
5
21
5
26
11
9
0
3
5
16
8
14
9
4
17
11
7
15
9
16
8
24
15
15
26
7
1
0
18
10
12
8
7
12
24
3
15
9
17
14
4
11
1
20
1
4
2
2
0
12
27
9
