26
43
15
6
47
29
17
53
36
23
40
31
25
32
23
19
27
43
13
20
40
33
38
34
13
18
26
28
27
29
17
26
18
26
