9181
5887
2017
3404
121
3656
5051
3322
16111
3742
