668775957
924385969
732541306
461623468
400438673
792480209
879206338
21480204
708260717
30671935
937635081
186320594
738281858
287085092
572017178
716345624
314730877
169092502
420605254
363278890
39528965
161848156
589548355
650200432
105007872
497325937
787988614
376961857
949696378
578206610
