634852745
979855442
160169855
694280835
968147525
966443922
149706569
499625130
578371627
680288421
480500292
886774712
246728942
910290537
666779555
398046031
424358162
362625921
8177561
169307701
646287313
693208775
298621380
470804856
430168991
983564658
56100994
202023136
109278673
357328155
190109783
883752754
893184989
202162541
252211851
681056599
478376313
797193553
842817233
852060551
753090217
85516409
65245067
553013002
646248356
552045396
364049936
104709822
333191329
425211917
155788576
123973512
103932018
527579495
453877486
482502368
880560170
797125141
867832985
752502587
144987860
915513229
447059035
891176433
642855088
392564785
222306673
668536729
814394527
178035107
768136827
671405164
666031442
346639675
343141810
78576924
659492362
858164212
606487492
189399971
815179187
200850535
987721013
576697650
505851549
521981590
289911796
193915397
227387188
912351206
181293660
741623253
910196405
122842350
248810080
775837646
526058014
543078159
966706588
381215425
