162206268
655784627
536261223
196934929
323708336
839377502
957558910
423842581
155606611
714710557
919745485
162285716
943849637
413619188
145883612
918626527
343814581
445784505
110566708
893522652
602268575
8772677
750778138
123664923
944859668
266264216
691836738
128673483
289011908
704589400
95595609
46582969
248497921
834514834
562945824
750338423
846450096
620325741
294258582
46592522
627584660
383962150
607442936
772758109
524186448
440364079
468979437
951583589
659809451
656974625
918097950
939015931
707335019
242143179
262768984
200400771
46583776
319602111
749136158
656246616
734365674
319269824
937644318
963495247
32749870
855793738
532478391
119456505
830938105
564789316
373387774
475239890
771868760
340727917
758102301
520247291
189495230
248095585
145943518
585367612
903143037
311876485
648468167
685573798
377310526
596139035
900734043
630062677
629250790
216474170
169334594
313036957
97740508
625967425
511568388
129069987
20140516
308935160
752403781
231399646
