354379146
42369660
702636235
310671536
435518689
309577859
637753609
57312125
624731838
453770677
328718641
731084767
83272590
334856451
774551556
124975058
10700548
602456326
528030127
30090196
424059235
608589010
807179511
612003689
801414673
563469969
196761795
767844956
693103273
853784329
433992303
395805970
765562138
799297248
678703009
997740845
563272093
253347990
699848312
621806000
779960289
557962978
695974410
811458638
173517685
885596310
983095747
945802715
705738850
669224735
868581219
602520955
242831678
734315860
279415957
150929049
84814744
401150063
218073729
715730218
143144599
144105081
321767461
801111052
778130277
356525632
923510893
36085949
892361316
168297818
14288831
971522249
455944437
541426261
639008555
37255833
647894292
298422860
269324371
947397635
442386362
546315867
41711383
767753945
116327378
113898636
100653377
643115538
673749073
540007631
193456077
190280351
803024605
583537595
832355900
761435567
29212534
597871853
7564660
820823576
