318387580
820075810
41334489
255169536
996801399
42476355
633225680
554825229
742986295
572884544
716454485
665226258
266421289
850091128
31633389
9847684
125056350
413608729
687583346
592738796
67916216
330689313
134915039
433795354
481106075
882387939
88709374
202829566
663574019
222398536
11825721
632277958
581318818
934876102
549128381
897547606
612609953
868885900
899863770
412458508
674360173
290050007
221724463
429096066
676184483
342498738
562876310
405916390
956060679
966600601
919871606
591701090
591936736
579628865
194452014
125389039
373549510
485880028
557414978
951459602
100013740
840325176
641605859
184259802
204677979
292617516
721279991
85941116
725237105
24939032
714156595
867570951
442659431
373448683
627642330
17026968
834683875
704329723
16575450
890073580
495897247
824451662
635462785
112858013
78882721
635230936
684744368
381852040
695922387
300649773
33189580
238603319
625214971
855510624
823517928
907877977
552855136
17623343
244498843
94419127
