508848972
685038682
632382518
46224865
838895651
522745160
637648432
615877075
514028418
841215778
71675320
838169564
267902449
664780061
887851144
575860776
834351836
273535904
846446034
246172592
710998235
225783199
100974833
501806075
828945725
74483309
676922192
912146344
266644931
622923322
993797142
773065002
573999425
225721958
258878409
838273562
299695720
899646420
127351791
466822762
855814106
519944343
211629597
234352706
394592517
304767199
709235200
728348537
210286212
460033229
392753248
356599137
787507842
297098613
417990089
94022897
644232092
86929138
393169726
626674425
619070633
102286839
606254828
263501538
357666841
54054405
797016015
192662788
455740018
204707449
909555824
478732346
737849666
658652164
475668765
548697894
667569432
152969996
972865182
528153222
210611084
208969428
214630523
925243049
486896101
949931495
311531892
991178701
956867625
767750897
259974026
689075497
10895867
893671551
902927144
766895846
149105440
908313502
465586020
