900927679
113712570
913343286
818021791
600257537
324385989
579412005
342345961
948375659
183706156
390534462
353812980
692494118
309064310
927921470
286511433
336209697
345804939
939535970
17166892
573257686
162689534
413663705
544902789
554681009
163628504
246019542
420358549
587255569
919059194
582606428
552335664
686883644
581942948
480959207
219711383
484210261
525235554
867645716
164636257
923396875
713615483
187432179
653160347
921855394
764626771
225465526
23251668
257257154
414116223
925684297
70923691
453942188
982206057
558926294
458075784
867877764
769891675
85903901
140094040
941845894
863633015
524121332
389006503
853935361
310295983
328633629
751105688
44423862
870901967
200157356
220067075
639235654
829797591
901219688
587005493
538805829
224923985
797681021
524783039
270556730
393625492
955494360
559351463
532479598
62080882
694872473
384575956
988385752
486863840
842151102
775814949
197044343
504549911
447663318
936163774
581822984
716302284
674318421
