162319308
418567528
541753429
523694684
647576913
61727898
356396342
653299508
24167462
573197298
970394054
825145717
981470035
603696048
917155635
787013059
820550059
171487262
814411445
957018022
11933299
834005519
874276230
652184764
111701132
524148744
821206820
91091003
21626692
182701325
471918649
535045280
13787690
974664633
758390842
457485365
881505902
767615361
813278116
233994100
438396834
636489285
483800462
69667922
332404014
192579882
