math
math
math
math
math
math
english
physics
english
math
physics
english
math
math
math
math
physics
english
math
math
