english
math
math
math
physics
physics
physics
math
physics
physics
math
physics
physics
math
math
english
math
math
english
english
