english
physics
math
math
math
math
math
english
physics
physics
physics
english
math
math
math
english
english
english
math
physics
