math
physics
math
math
math
physics
math
math
math
math
physics
physics
physics
physics
english
english
english
english
math
english
