english
english
math
english
physics
math
english
physics
physics
physics
english
english
english
math
english
physics
math
math
math
math
