29 22 16 11 7 4 2 1 
37 30 23 17 12 8 5 3 
44 38 31 24 18 13 9 6 
50 45 39 32 25 19 14 10 
55 51 46 40 33 26 20 15 
59 56 52 47 41 34 27 21 
62 60 57 53 48 42 35 28 
64 63 61 58 54 49 43 36 
